// Jest Snapshot v1, https://goo.gl/fbAQLP

exports[`Dashboard renders the right text 1`] = `
Object {
  "asFragment": [Function],
  "baseElement": <body
    class="chakra-ui-light"
  >
    <div
      id="chakra-toast-portal"
    >
      <ul
        id="chakra-toast-manager-top"
        style="position: fixed; z-index: 5500; pointer-events: none; display: flex; flex-direction: column; margin: 0px auto; top: 0px; right: 0px; left: 0px;"
      />
      <ul
        id="chakra-toast-manager-top-left"
        style="position: fixed; z-index: 5500; pointer-events: none; display: flex; flex-direction: column; top: 0px; left: 0px;"
      />
      <ul
        id="chakra-toast-manager-top-right"
        style="position: fixed; z-index: 5500; pointer-events: none; display: flex; flex-direction: column; top: 0px; right: 0px;"
      />
      <ul
        id="chakra-toast-manager-bottom-left"
        style="position: fixed; z-index: 5500; pointer-events: none; display: flex; flex-direction: column; bottom: 0px; left: 0px;"
      />
      <ul
        id="chakra-toast-manager-bottom"
        style="position: fixed; z-index: 5500; pointer-events: none; display: flex; flex-direction: column; margin: 0px auto; bottom: 0px; right: 0px; left: 0px;"
      />
      <ul
        id="chakra-toast-manager-bottom-right"
        style="position: fixed; z-index: 5500; pointer-events: none; display: flex; flex-direction: column; bottom: 0px; right: 0px;"
      />
    </div>
    <div>
      <div
        class="css-bskjhk"
      >
        <div
          class="css-1lekzkb"
        >
          <div
            class="css-4g6ai3"
          >
            <h2
              class="chakra-heading css-zey6tx"
            >
              Callback UI
            </h2>
          </div>
          <div
            class="css-0"
          >
            <button
              class="chakra-button css-wnilqh"
              type="button"
            >
              Log out
            </button>
          </div>
        </div>
        <div
          class="css-46b038"
        >
          <button
            class="chakra-button css-myeq6i"
            type="button"
          >
            Send callback
          </button>
        </div>
        <table
          class="chakra-table css-93szjo"
          role="table"
        >
          <thead
            class="css-0"
          >
            <tr
              class="css-0"
              role="row"
            >
              <th
                class="css-1moe7jb"
              >
                Callback ID
              </th>
              <th
                class="css-1moe7jb"
              >
                Transaction ID
              </th>
              <th
                class="css-1moe7jb"
              >
                Virtual Account
              </th>
              <th
                class="css-1moe7jb"
              >
                Bank Code
              </th>
              <th
                class="css-1moe7jb"
              >
                Status
              </th>
              <th
                class="css-1moe7jb"
              >
                Detail
              </th>
            </tr>
          </thead>
          <tbody
            class="css-0"
          >
            <tr
              class="css-0"
              role="row"
            >
              <td
                class="css-hykeff"
                role="gridcell"
              >
                e8980029-04a0-4b9c-8c64-182c8a81cc43
              </td>
              <td
                class="css-hykeff"
                role="gridcell"
              >
                123
              </td>
              <td
                class="css-hykeff"
                role="gridcell"
              >
                1234
              </td>
              <td
                class="css-hykeff"
                role="gridcell"
              >
                BANK_ABC
              </td>
              <td
                class="css-hykeff"
                role="gridcell"
              >
                <span
                  class="chakra-badge css-tjtztc"
                >
                  200
                </span>
              </td>
              <td
                class="css-hykeff"
                role="gridcell"
              >
                <button
                  class="chakra-button css-1d11b2j"
                  type="button"
                >
                  See detail
                </button>
              </td>
            </tr>
          </tbody>
        </table>
      </div>
    </div>
  </body>,
  "container": <div>
    <div
      class="css-bskjhk"
    >
      <div
        class="css-1lekzkb"
      >
        <div
          class="css-4g6ai3"
        >
          <h2
            class="chakra-heading css-zey6tx"
          >
            Callback UI
          </h2>
        </div>
        <div
          class="css-0"
        >
          <button
            class="chakra-button css-wnilqh"
            type="button"
          >
            Log out
          </button>
        </div>
      </div>
      <div
        class="css-46b038"
      >
        <button
          class="chakra-button css-myeq6i"
          type="button"
        >
          Send callback
        </button>
      </div>
      <table
        class="chakra-table css-93szjo"
        role="table"
      >
        <thead
          class="css-0"
        >
          <tr
            class="css-0"
            role="row"
          >
            <th
              class="css-1moe7jb"
            >
              Callback ID
            </th>
            <th
              class="css-1moe7jb"
            >
              Transaction ID
            </th>
            <th
              class="css-1moe7jb"
            >
              Virtual Account
            </th>
            <th
              class="css-1moe7jb"
            >
              Bank Code
            </th>
            <th
              class="css-1moe7jb"
            >
              Status
            </th>
            <th
              class="css-1moe7jb"
            >
              Detail
            </th>
          </tr>
        </thead>
        <tbody
          class="css-0"
        >
          <tr
            class="css-0"
            role="row"
          >
            <td
              class="css-hykeff"
              role="gridcell"
            >
              e8980029-04a0-4b9c-8c64-182c8a81cc43
            </td>
            <td
              class="css-hykeff"
              role="gridcell"
            >
              123
            </td>
            <td
              class="css-hykeff"
              role="gridcell"
            >
              1234
            </td>
            <td
              class="css-hykeff"
              role="gridcell"
            >
              BANK_ABC
            </td>
            <td
              class="css-hykeff"
              role="gridcell"
            >
              <span
                class="chakra-badge css-tjtztc"
              >
                200
              </span>
            </td>
            <td
              class="css-hykeff"
              role="gridcell"
            >
              <button
                class="chakra-button css-1d11b2j"
                type="button"
              >
                See detail
              </button>
            </td>
          </tr>
        </tbody>
      </table>
    </div>
  </div>,
  "debug": [Function],
  "findAllByAltText": [Function],
  "findAllByDisplayValue": [Function],
  "findAllByLabelText": [Function],
  "findAllByPlaceholderText": [Function],
  "findAllByRole": [Function],
  "findAllByTestId": [Function],
  "findAllByText": [Function],
  "findAllByTitle": [Function],
  "findByAltText": [Function],
  "findByDisplayValue": [Function],
  "findByLabelText": [Function],
  "findByPlaceholderText": [Function],
  "findByRole": [Function],
  "findByTestId": [Function],
  "findByText": [Function],
  "findByTitle": [Function],
  "getAllByAltText": [Function],
  "getAllByDisplayValue": [Function],
  "getAllByLabelText": [Function],
  "getAllByPlaceholderText": [Function],
  "getAllByRole": [Function],
  "getAllByTestId": [Function],
  "getAllByText": [Function],
  "getAllByTitle": [Function],
  "getByAltText": [Function],
  "getByDisplayValue": [Function],
  "getByLabelText": [Function],
  "getByPlaceholderText": [Function],
  "getByRole": [Function],
  "getByTestId": [Function],
  "getByText": [Function],
  "getByTitle": [Function],
  "queryAllByAltText": [Function],
  "queryAllByDisplayValue": [Function],
  "queryAllByLabelText": [Function],
  "queryAllByPlaceholderText": [Function],
  "queryAllByRole": [Function],
  "queryAllByTestId": [Function],
  "queryAllByText": [Function],
  "queryAllByTitle": [Function],
  "queryByAltText": [Function],
  "queryByDisplayValue": [Function],
  "queryByLabelText": [Function],
  "queryByPlaceholderText": [Function],
  "queryByRole": [Function],
  "queryByTestId": [Function],
  "queryByText": [Function],
  "queryByTitle": [Function],
  "rerender": [Function],
  "unmount": [Function],
}
`;
